// Jest Snapshot v1, https://goo.gl/fbAQLP

exports[`SecretTyper Matches the snapshot 1`] = `
<div
  className="header__secret"
>
   
  
   
  <span
    id="cursor"
  />
</div>
`;
