// Jest Snapshot v1, https://goo.gl/fbAQLP

exports[`Secrets Matches the snapshot 1`] = `
Array [
  <div
    className="secrets"
  />,
  <div
    className="sentinel"
  />,
]
`;
